node.exe : [WebServer] (node:33240) Warning: The 'NO_COLOR' env is ignored due to the 'FORCE_COLOR' env being set.
At line:1 char:1
+ & "C:\Program Files\nodejs/node.exe" "C:\Program Files\nodejs/node_mo ...
+ ~~~~~~~~~~~~~~~~~~~~~~~~~~~~~~~~~~~~~~~~~~~~~~~~~~~~~~~~~~~~~~~~~~~~~
    + CategoryInfo          : NotSpecified: ([WebServer] (no... env being set.:String) [], RemoteException
    + FullyQualifiedErrorId : NativeCommandError
 
[WebServer] (Use `node --trace-warnings ...` to show where the warning was created)
[WebServer] (node:29624) Warning: The 'NO_COLOR' env is ignored due to the 'FORCE_COLOR' env being set.
[WebServer] (Use `node --trace-warnings ...` to show where the warning was created)
[WebServer] (node:22748) Warning: The 'NO_COLOR' env is ignored due to the 'FORCE_COLOR' env being set.
[WebServer] (Use `node --trace-warnings ...` to show where the warning was created)
[WebServer] (node:29624) Warning: The 'NO_COLOR' env is ignored due to the 'FORCE_COLOR' env being set.
[WebServer] (Use `node --trace-warnings ...` to show where the warning was created)

Running 22 tests using 1 worker

(node:22048) Warning: The 'NO_COLOR' env is ignored due to the 'FORCE_COLOR' env being set.
(Use `node --trace-warnings ...` to show where the warning was created)
  ok  1 [setup] › tests\e2e\auth.setup.ts:8:8 › authenticate as admin (18.3s)
  ok  2 [setup] › tests\e2e\auth.setup.ts:8:8 › authenticate as director (5.3s)
(node:2536) Warning: The 'NO_COLOR' env is ignored due to the 'FORCE_COLOR' env being set.
(Use `node --trace-warnings ...` to show where the warning was created)
  ok  3 [desktop] › tests\e2e\smoke\auth.spec.ts:13:7 › admin can sign in and sees the app shell with name and role (5.8s)
  ok  4 [desktop] › tests\e2e\smoke\auth.spec.ts:13:7 › director can sign in and sees the app shell with name and role (6.4s)
  ok  5 [desktop] › tests\e2e\smoke\auth.spec.ts:24:5 › sign out returns to the login page and protects the app (8.5s)
  ok  6 [desktop] › tests\e2e\smoke\auth.spec.ts:33:5 › unauthenticated /tenders redirects to /login (1.7s)
  ok  7 [desktop] › tests\e2e\smoke\auth.spec.ts:39:5 › wrong password shows an error and stays on /login (2.6s)
[WebServer] (node:7216) Warning: The 'NO_COLOR' env is ignored due to the 'FORCE_COLOR' env being set.
[WebServer] (Use `node --trace-warnings ...` to show where the warning was created)
[WebServer] (node:41544) Warning: The 'NO_COLOR' env is ignored due to the 'FORCE_COLOR' env being set.
[WebServer] (Use `node --trace-warnings ...` to show where the warning was created)
[WebServer] (node:39148) Warning: The 'NO_COLOR' env is ignored due to the 'FORCE_COLOR' env being set.
[WebServer] (Use `node --trace-warnings ...` to show where the warning was created)
  ok  8 [desktop] › tests\e2e\smoke\crawl.spec.ts:20:9 › crawl as admin › every page loads cleanly (46.1s)
[WebServer] (node:13008) Warning: The 'NO_COLOR' env is ignored due to the 'FORCE_COLOR' env being set.
[WebServer] (Use `node --trace-warnings ...` to show where the warning was created)
[WebServer] (node:25200) Warning: The 'NO_COLOR' env is ignored due to the 'FORCE_COLOR' env being set.
[WebServer] (Use `node --trace-warnings ...` to show where the warning was created)
[WebServer] (node:19060) Warning: The 'NO_COLOR' env is ignored due to the 'FORCE_COLOR' env being set.
[WebServer] (Use `node --trace-warnings ...` to show where the warning was created)
  ok  9 [desktop] › tests\e2e\smoke\crawl.spec.ts:20:9 › crawl as director › every page loads cleanly (35.4s)
  ok 10 [desktop] › tests\e2e\smoke\dashboard.spec.ts:11:5 › Director dashboard loads and the active-tenders KPI matches the database (7.4s)
  -  11 [desktop] › tests\e2e\smoke\mobile.spec.ts:11:7 › /dashboard renders at 360px without overflow
  -  12 [desktop] › tests\e2e\smoke\mobile.spec.ts:11:7 › /tenders renders at 360px without overflow
(node:25136) Warning: The 'NO_COLOR' env is ignored due to the 'FORCE_COLOR' env being set.
(Use `node --trace-warnings ...` to show where the warning was created)
  -  13 [mobile] › tests\e2e\smoke\auth.spec.ts:13:7 › admin can sign in and sees the app shell with name and role
  -  14 [mobile] › tests\e2e\smoke\auth.spec.ts:13:7 › director can sign in and sees the app shell with name and role
  -  15 [mobile] › tests\e2e\smoke\auth.spec.ts:24:5 › sign out returns to the login page and protects the app
  -  16 [mobile] › tests\e2e\smoke\auth.spec.ts:33:5 › unauthenticated /tenders redirects to /login
  -  17 [mobile] › tests\e2e\smoke\auth.spec.ts:39:5 › wrong password shows an error and stays on /login
  -  18 [mobile] › tests\e2e\smoke\crawl.spec.ts:20:9 › crawl as admin › every page loads cleanly
  -  19 [mobile] › tests\e2e\smoke\crawl.spec.ts:20:9 › crawl as director › every page loads cleanly
  -  20 [mobile] › tests\e2e\smoke\dashboard.spec.ts:11:5 › Director dashboard loads and the active-tenders KPI matches the database
  ok 21 [mobile] › tests\e2e\smoke\mobile.spec.ts:11:7 › /dashboard renders at 360px without overflow (3.8s)
  ok 22 [mobile] › tests\e2e\smoke\mobile.spec.ts:11:7 › /tenders renders at 360px without overflow (3.7s)

  10 skipped
  12 passed (2.9m)
